{Literal(2,13,115)='\nThis file has an EJSDISABLE directive as the first line.\nIt should have lines 2 and 3 of literal text.'}
