{Literal(1,0,25)='Main mode parsing\n'}
{Literal(3,26,44)='Parser is now on\n\n'}
{Block(5,46,68)='SingleLineDirective()\n'}
{Literal(6,68,78)='some text\n'}
{Block(7,80,114)='function test() {\n  log(1);\n}\n'}
{Literal(10,114,143)='some more text\nThis contains '}
{Interpolation(11,143,164)='an.interpolation()'}
{Literal(11,164,217)='\nin the text\nThe following are some escape sequences\n'}
{Literal(14,217,250)='##escaped directive\nAnd here is '}
{Literal(15,250,303)='#{an.interpolation()}\n\nFinally, turn the parser off\n'}
{Literal(18,311,378)='\nAnd see that everything ignores #{interpolations}\nand\n##directives'}
