{Literal(1,0,38)='Content before EJSDISABLE\n'}
{Literal(3,39,96)='\nThis file has an EJSDISABLE directive as the second line.'}
